This file contains the expected output of --validate-extension-api when run against the extension_api.json of the
4.2-stable tag (the basename of this file).

Only lines that start with "Validate extension JSON:" matter, everything else is considered a comment and ignored. They
should instead be used to justify these changes and describe how users should work around these changes.

Add new entries at the end of the file.

## Changes between 4.2-stable and 4.3-stable

GH-84660
--------
Validate extension JSON: Error: Field 'classes/TileData/methods/get_navigation_polygon/arguments': size changed value in new API, from 1 to 4.
Validate extension JSON: Error: Field 'classes/TileData/methods/get_occluder/arguments': size changed value in new API, from 1 to 4.

Added optional argument to get_navigation_polygon and get_occluder to specify a polygon transform.


GH-85393
--------
Validate extension JSON: Error: Field 'classes/PhysicsShapeQueryParameters3D/properties/motion': type changed value in new API, from "Vector2" to "Vector3".

The type was registered wrongly, this was a bug.


GH-86687
--------
Validate extension JSON: Error: Field 'classes/AnimationMixer/methods/_post_process_key_value/arguments/3': type changed value in new API, from "Object" to "int".

Exposing the pointer was dangerous and it must be changed to avoid crash. Compatibility methods registered.


GH-84976
--------
Validate extension JSON: Error: Field 'classes/RenderingDevice/enums/FinalAction/values/FINAL_ACTION_CONTINUE': value changed value in new API, from 2.0 to 0.
Validate extension JSON: Error: Field 'classes/RenderingDevice/enums/FinalAction/values/FINAL_ACTION_MAX': value changed value in new API, from 3.0 to 2.
Validate extension JSON: Error: Field 'classes/RenderingDevice/enums/InitialAction/values/INITIAL_ACTION_CLEAR': value changed value in new API, from 0.0 to 1.
Validate extension JSON: Error: Field 'classes/RenderingDevice/enums/InitialAction/values/INITIAL_ACTION_CLEAR_REGION_CONTINUE': value changed value in new API, from 2.0 to 1.
Validate extension JSON: Error: Field 'classes/RenderingDevice/enums/InitialAction/values/INITIAL_ACTION_CONTINUE': value changed value in new API, from 5.0 to 0.
Validate extension JSON: Error: Field 'classes/RenderingDevice/enums/InitialAction/values/INITIAL_ACTION_DROP': value changed value in new API, from 4.0 to 2.
Validate extension JSON: Error: Field 'classes/RenderingDevice/enums/InitialAction/values/INITIAL_ACTION_KEEP': value changed value in new API, from 3.0 to 0.
Validate extension JSON: Error: Field 'classes/RenderingDevice/enums/InitialAction/values/INITIAL_ACTION_MAX': value changed value in new API, from 6.0 to 3.
Validate extension JSON: Error: Field 'classes/RenderingDevice/methods/buffer_clear/arguments': size changed value in new API, from 4 to 3.
Validate extension JSON: Error: Field 'classes/RenderingDevice/methods/buffer_update/arguments': size changed value in new API, from 5 to 4.
Validate extension JSON: Error: Field 'classes/RenderingDevice/methods/draw_list_begin/arguments': size changed value in new API, from 10 to 9.
Validate extension JSON: Error: Field 'classes/RenderingDevice/methods/texture_clear/arguments': size changed value in new API, from 7 to 6.
Validate extension JSON: Error: Field 'classes/RenderingDevice/methods/texture_copy/arguments': size changed value in new API, from 10 to 9.
Validate extension JSON: Error: Field 'classes/RenderingDevice/methods/texture_resolve_multisample/arguments': size changed value in new API, from 3 to 2.
Validate extension JSON: Error: Field 'classes/RenderingDevice/methods/texture_update/arguments': size changed value in new API, from 4 to 3.

Barrier arguments have been removed from all relevant functions as they're no longer required.
Draw and compute list overlap no longer needs to be specified.
Initial and final actions have been simplified into fewer options.


GH-87115
--------
Validate extension JSON: Error: Field 'classes/TileMap/methods/get_collision_visibility_mode': is_const changed value in new API, from false to true.
Validate extension JSON: Error: Field 'classes/TileMap/methods/get_navigation_visibility_mode': is_const changed value in new API, from false to true.

Two TileMap getters were made const. No adjustments should be necessary.


GH-86158
--------
Validate extension JSON: Error: Field 'classes/GraphEdit/methods/get_connection_line': is_const changed value in new API, from false to true.

get_connection_line was made const.


GH-87668
--------
Validate extension JSON: Error: Field 'classes/Font/methods/find_variation/arguments': size changed value in new API, from 8 to 9.

Added optional "baseline_offset" argument. Compatibility method registered.


GH-81996
--------
Validate extension JSON: Error: Field 'classes/GPUParticles2D/properties/process_material': type changed value in new API, from "ShaderMaterial,ParticleProcessMaterial" to "ParticleProcessMaterial,ShaderMaterial".
Validate extension JSON: Error: Field 'classes/GPUParticles3D/properties/process_material': type changed value in new API, from "ShaderMaterial,ParticleProcessMaterial" to "ParticleProcessMaterial,ShaderMaterial".
Validate extension JSON: Error: Field 'classes/Sky/properties/sky_material': type changed value in new API, from "ShaderMaterial,PanoramaSkyMaterial,ProceduralSkyMaterial,PhysicalSkyMaterial" to "PanoramaSkyMaterial,ProceduralSkyMaterial,PhysicalSkyMaterial,ShaderMaterial".

Property hints reordered to improve editor usability. The types allowed are still the same as before. No adjustments should be necessary.


GH-68420
--------
Validate extension JSON: Error: Field 'classes/Node/methods/_get_configuration_warnings/return_value': type changed value in new API, from "PackedStringArray" to "Array".

Allow configuration warnings to refer to a property. Compatibility method registered.


GH-86907
--------

Validate extension JSON: Error: Field 'classes/AudioStreamPlayer/methods/is_autoplay_enabled': is_const changed value in new API, from false to true.
Validate extension JSON: Error: Field 'classes/AudioStreamPlayer2D/methods/is_autoplay_enabled': is_const changed value in new API, from false to true.
Validate extension JSON: Error: Field 'classes/AudioStreamPlayer3D/methods/is_autoplay_enabled': is_const changed value in new API, from false to true.
Validate extension JSON: Error: Field 'classes/GLTFBufferView/methods/get_buffer': is_const changed value in new API, from false to true.
Validate extension JSON: Error: Field 'classes/GLTFBufferView/methods/get_byte_length': is_const changed value in new API, from false to true.
Validate extension JSON: Error: Field 'classes/GLTFBufferView/methods/get_byte_offset': is_const changed value in new API, from false to true.
Validate extension JSON: Error: Field 'classes/GLTFBufferView/methods/get_byte_stride': is_const changed value in new API, from false to true.
Validate extension JSON: Error: Field 'classes/GLTFBufferView/methods/get_indices': is_const changed value in new API, from false to true.

Change AudioStreamPlayer* is_autoplay_enabled and GLTFBufferView getters to be const.
